..........
...............
..........
EOjjEjjjOjjjjEjjjjjOjjjjjjEjjjjjjjOjjjjjjjj
i = 10; j = 9
i = 10; j = 10
i = 10; j = 9
i = 10; j = 8
i = 10; j = 7
i = 10; j = 6
i = 10; j = 5
i = 10; j = 4
i = 10; j = 3
i = 10; j = 2
i = 10; j = 1
oops
iaa =
[
  [    1    1    1    1    1    1    1    1    1    1    1    1 ]
  [    1    2    3    4    5    6    7    8    9   10   11   12 ]
  [    1    3    6   10   15   21   28   36   45   55   66   78 ]
  [    1    4   10   20   35   56   84  120  165  220  286  364 ]
  [    1    5   15   35   70  126  210  330  495  715 1001 1365 ]
  [    1    6   21   56  126  252  462  792 1287 2002 3003 4368 ]
  [    1    7   28   84  210  462  924 1716 3003 5005 8008 2376 ]
  [    1    8   36  120  330  792 1716 3432 6435 1440 9448 1824 ]
  [    1    9   45  165  495 1287 3003 6435 2870 4310 3758 5582 ]
  [    1   10   55  220  715 2002 5005 1440 4310 8620 2378 7960 ]
  [    1   11   66  286 1001 3003 8008 9448 3758 2378 4756 2716 ]
  [    1   12   78  364 1365 4368 2376 1824 5582 7960 2716 5432 ]
  [    1   13   91  455 1820 6188 8564  388 5970 3930 6646 2078 ]
  [    1   14  105  560 2380 8568 7132 7520 3490 7420 4066 6144 ]
]
raaa =
[
  [
    [ 9.000000 8.100000 7.290000 6.561000 ]
    [ 5.904900 5.314410 4.782969 4.304672 ]
    [ 3.874205 3.486784 3.138106 2.824295 ]
    [ 2.541866 2.287679 2.058911 1.853020 ]
    [ 1.667718 1.500946 1.350852 1.215767 ]
    [ 1.094190 0.984771 0.886294 0.797664 ]
  ]
  [
    [ 0.717898 0.646108 0.581497 0.523348 ]
    [ 0.471013 0.423912 0.381520 0.343368 ]
    [ 0.309032 0.278128 0.250316 0.225284 ]
    [ 0.202756 0.182480 0.164232 0.147809 ]
    [ 0.133028 0.119725 0.107753 0.096977 ]
    [ 0.087280 0.078552 0.070697 0.063627 ]
  ]
  [
    [ 0.057264 0.051538 0.046384 0.041746 ]
    [ 0.037571 0.033814 0.030433 0.027389 ]
    [ 0.024650 0.022185 0.019967 0.017970 ]
    [ 0.016173 0.014556 0.013100 0.011790 ]
    [ 0.010611 0.009550 0.008595 0.007736 ]
    [ 0.006962 0.006266 0.005639 0.005075 ]
  ]
]
r = 0.107753
