i = -60; d = 1.732; x = 0.000000e+00; y = 0.000000e+00; c = 0
main: c = 19; d = 38; i = 22;
j = 20; k = 19; x = 1.800000e+01; y = 3.800000e+01
f: c = 19; i = 19
f.inner1: c = 19; i = 19
f: c = 19; i = 19
f.inner2: c = 20; i = 3.800000e+01
f.inner1: c = 20; i = 18
f: c = 20; i = 20
main: c = 19; d = 38; i = 22;
j = 20; k = 18; x = 1.800000e+01; y = 3.800000e+01
g: c1 = 14; i1 = 496; d1 = 2.71
g.inner1: c1 = 14; i1 = 496; i2 = 28; d1 = 2.71; d2 = 1.414
f: c = 96; i = 19
f.inner1: c = 96; i = 18
f: c = 96; i = 19
f.inner2: c = 97; i = 3.800000e+01
f.inner1: c = 97; i = 17
f: c = 97; i = 20
g.inner1: c1 = 96; i1 = 496; i2 = 28; d1 = 506.124; d2 = 1.414
g: c1 = 96; i1 = 496; d1 = 506.124
main: c = 96; d = 38; i = 22;
j = 20; k = 17; x = 1.800000e+01; y = 3.800000e+01
main: c = 96; d = 38; i = 22;
j = 20; k = 17; x = 3.800000e+01; y = 1.800000e+01
i = -60; d = 38; x = 0.000000e+00; y = 0.000000e+00; c = 96
