i = 5; j = 5; k = 66
x = 3.140000; y = 2.710000; z = 0.000000
d = 19.199900
b = 0
c = 65
i = 3; j = -1; k = 10
x = 3.140000; y = 2.710000; z = 0.000000
d = 19.199900
b = 1
c = 66
i = 3; j = -1; k = 10
x = 10.000000; y = 10.000000; z = 7.000000
d = 10.000000
b = 0
c = 9
Enter an integer:  Enter a double:    i = 100; j = -1; k = 10
x = 10.000000; y = 10.000000; z = 7.000000
d = 12.618280
b = 0
c = 9
i = 116; j = -1; k = 10
x = -19.990000; y = 10.000000; z = 7.000000
d = 1758.240000
b = 0
c = 76
