..........
..........
...............
..........
EOjjEjjjOjjjjEjjjjjOjjjjjjEjjjjjjOjjjjjj
i = 10; j = 7
i = 10; j = 10
i = 10; j = 9
i = 10; j = 8
i = 10; j = 7
i = 10; j = 6
i = 10; j = 5
i = 10; j = 4
i = 10; j = 3
i = 10; j = 2
i = 10; j = 1
oops
Eoops
Ooops
Eoops
Ooops
Eoops
