a = 2; b =  3; c = 1
a = 4; b =  9; c = 2
a = 8; b =  27; c = 3
a = 16; b =  81; c = 4
a = 17; b =  76; c = 5
a = 18; b =  71; c = 6
a = 19; b =  66; c = 7
a = 20; b =  61; c = 8
a = 23; b =  122; c = 9
x = 9
x = 8
x = 7
x = 6
x = 5
x = 4
x = 3
x = 2
x = 1
x = 0
712
 is grooviest
OUTER: a = -1
OUTER: a = 0
INNER: b = 0
INNER INNER: c = 0
INNER INNER: c = 1
INNER INNER: c = 2
INNER INNER: c = 3
INNER INNER: c = 4
OUTER: a = 1
INNER: b = 0
INNER INNER: c = 0
INNER INNER: c = 1
INNER INNER: c = 2
INNER INNER: c = 3
INNER INNER: c = 4
INNER: b = 1
INNER INNER: c = 0
INNER INNER: c = 1
INNER INNER: c = 2
INNER INNER: c = 3
INNER INNER: c = 4
OUTER: a = 2
INNER: b = 0
INNER INNER: c = 0
INNER INNER: c = 1
INNER INNER: c = 2
INNER INNER: c = 3
INNER INNER: c = 4
INNER: b = 1
INNER INNER: c = 0
INNER INNER: c = 1
INNER INNER: c = 2
INNER INNER: c = 3
INNER INNER: c = 4
INNER: b = 2
INNER INNER: c = 0
INNER INNER: c = 1
INNER INNER: c = 2
INNER INNER: c = 3
INNER INNER: c = 4
LOOPING: x = 9
LOOPING: x = 8
LOOPING: x = 7
LOOPING: x = 6
LOOPING: x = 5
LOOPING: x = 4
LOOPING: x = 3
LOOPING: x = 2
LOOPING: x = 1
LOOPING: x = 0
LOOPING: x = 3
LOOPING LOOPING: b = 0
LOOPING LOOPING LOOPING: c = 8
LOOPING LOOPING LOOPING: c = 9
LOOPING LOOPING LOOPING: c = 10
LOOPING LOOPING: b = 1
LOOPING LOOPING LOOPING: c = 8
LOOPING LOOPING LOOPING: c = 9
LOOPING LOOPING LOOPING: c = 10
LOOPING: x = 2
LOOPING LOOPING: b = 0
LOOPING LOOPING LOOPING: c = 8
LOOPING LOOPING LOOPING: c = 9
LOOPING LOOPING LOOPING: c = 10
LOOPING LOOPING: b = 1
LOOPING LOOPING LOOPING: c = 8
LOOPING LOOPING LOOPING: c = 9
LOOPING LOOPING LOOPING: c = 10
LOOPING: x = 1
LOOPING LOOPING: b = 0
LOOPING LOOPING LOOPING: c = 8
LOOPING LOOPING LOOPING: c = 9
LOOPING LOOPING LOOPING: c = 10
LOOPING LOOPING: b = 1
LOOPING LOOPING LOOPING: c = 8
LOOPING LOOPING LOOPING: c = 9
LOOPING LOOPING LOOPING: c = 10
LOOPING: x = 0
LOOPING LOOPING: b = 0
LOOPING LOOPING LOOPING: c = 8
LOOPING LOOPING LOOPING: c = 9
LOOPING LOOPING LOOPING: c = 10
LOOPING LOOPING: b = 1
LOOPING LOOPING LOOPING: c = 8
LOOPING LOOPING LOOPING: c = 9
LOOPING LOOPING LOOPING: c = 10
