dunno what a is
a is two
a is one
a is one
a is three
712 is the grooviest...
