a is one
a is two
a is three
dunno what a is
a is big
...
