this is a debugging message
Enter a real:   Enter a character:   i = 1999; j = 19; k = 20
x = 19.190001; y = 99.000000; z = 19.000000
d = 19.190000
c = 114
Enter an integer:   i = 51; j = 19; k = 20
x = 19.190001; y = 99.000000; z = 19.000000
d = 38.380001
c = 114
